<?xml version="1.0" encoding="utf-8"?>
<TestRun id="22f336e0-6db5-4986-b6dd-534d6e7a46d1" name="Zephr@FOURTYSIXTY 2026-04-25 13:27:14" runUser="FOURTYSIXTY\Zephr" xmlns="http://microsoft.com/schemas/VisualStudio/TeamTest/2010">
  <Times creation="2026-04-25T13:27:14.3963754-05:00" queuing="2026-04-25T13:27:14.3963764-05:00" start="2026-04-25T13:27:13.3793041-05:00" finish="2026-04-25T13:27:14.8822223-05:00" />
  <TestSettings name="default" id="cb75fac9-6847-4e37-a9eb-f61ec202d7d2">
    <Deployment runDeploymentRoot="Zephr_FOURTYSIXTY_2026-04-25_13_27_14" />
  </TestSettings>
  <Results>
    <UnitTestResult executionId="6e1e6a05-967e-46d2-aee5-d11884c91b54" testId="f148a5a2-a9f0-5ce8-24c0-2c13544a79be" testName="Banana.IntegrationTests.BananaPipelineIntegrationTests.GetBanana_UsesPipelineAndReturnsExpectedBody_WhenBonusBranchIsNotApplied" computerName="FOURTYSIXTY" duration="00:00:00.0127698" startTime="2026-04-25T13:27:14.7779606-05:00" endTime="2026-04-25T13:27:14.7779607-05:00" testType="13cdc9d9-ddb5-4fa4-a97d-d965ccfc6d4b" outcome="Passed" testListId="8c84fa94-04c1-424b-9868-57a2d4851a1d" relativeResultsDirectory="6e1e6a05-967e-46d2-aee5-d11884c91b54" />
    <UnitTestResult executionId="86aab5ad-4c6b-4c5e-a26f-d5f386f03c16" testId="93463640-d7cc-06d1-15d2-44c3718b76de" testName="Banana.IntegrationTests.BananaPipelineIntegrationTests.GetBanana_UsesManagedNpgsqlClient_WhenQueryReturnsNoRows" computerName="FOURTYSIXTY" duration="00:00:00.0006318" startTime="2026-04-25T13:27:14.6443044-05:00" endTime="2026-04-25T13:27:14.6443046-05:00" testType="13cdc9d9-ddb5-4fa4-a97d-d965ccfc6d4b" outcome="Passed" testListId="8c84fa94-04c1-424b-9868-57a2d4851a1d" relativeResultsDirectory="86aab5ad-4c6b-4c5e-a26f-d5f386f03c16" />
    <UnitTestResult executionId="56facdbf-a2b9-4412-aedb-84e166df4a8e" testId="8dc41ad1-61e0-28b8-529a-3ccca35ea1e8" testName="Banana.IntegrationTests.BananaPipelineIntegrationTests.GetBanana_WhenUnhandledExceptionOccurs_ReturnsInternalServerError" computerName="FOURTYSIXTY" duration="00:00:00.0176502" startTime="2026-04-25T13:27:14.5183858-05:00" endTime="2026-04-25T13:27:14.5184020-05:00" testType="13cdc9d9-ddb5-4fa4-a97d-d965ccfc6d4b" outcome="Passed" testListId="8c84fa94-04c1-424b-9868-57a2d4851a1d" relativeResultsDirectory="56facdbf-a2b9-4412-aedb-84e166df4a8e" />
    <UnitTestResult executionId="7187872d-3511-469b-b49e-030d3faefa4c" testId="5719ad4c-ce95-6fe2-a177-cff2f47b7ce6" testName="Banana.IntegrationTests.BananaPipelineIntegrationTests.GetBanana_WhenNativeStepThrowsNativeInteropException_ReturnsInternalServerError" computerName="FOURTYSIXTY" duration="00:00:00.0220651" startTime="2026-04-25T13:27:14.3801494-05:00" endTime="2026-04-25T13:27:14.3801499-05:00" testType="13cdc9d9-ddb5-4fa4-a97d-d965ccfc6d4b" outcome="Passed" testListId="8c84fa94-04c1-424b-9868-57a2d4851a1d" relativeResultsDirectory="7187872d-3511-469b-b49e-030d3faefa4c" />
    <UnitTestResult executionId="1b5500f7-1567-45ea-b8d6-233c4cbb0bdb" testId="09a9fd84-0267-0c9d-04e5-65a5aedc74a4" testName="Banana.IntegrationTests.BananaPipelineIntegrationTests.GetBanana_UsesPipelineAndReturnsExpectedBody_WhenPostProcessingStepIsRemoved" computerName="FOURTYSIXTY" duration="00:00:00.0175760" startTime="2026-04-25T13:27:14.3980838-05:00" endTime="2026-04-25T13:27:14.3980842-05:00" testType="13cdc9d9-ddb5-4fa4-a97d-d965ccfc6d4b" outcome="Passed" testListId="8c84fa94-04c1-424b-9868-57a2d4851a1d" relativeResultsDirectory="1b5500f7-1567-45ea-b8d6-233c4cbb0bdb" />
    <UnitTestResult executionId="33275858-0da6-46b4-94da-4d07d395cdc2" testId="6e721827-d614-951d-5adf-84d92da28217" testName="Banana.IntegrationTests.BananaPipelineIntegrationTests.ClassifyNotBanana_WhenNoBananaSignalsExist_ReturnsNotBananaClassification" computerName="FOURTYSIXTY" duration="00:00:00.0213674" startTime="2026-04-25T13:27:14.6024956-05:00" endTime="2026-04-25T13:27:14.6024961-05:00" testType="13cdc9d9-ddb5-4fa4-a97d-d965ccfc6d4b" outcome="Passed" testListId="8c84fa94-04c1-424b-9868-57a2d4851a1d" relativeResultsDirectory="33275858-0da6-46b4-94da-4d07d395cdc2" />
    <UnitTestResult executionId="8ea43bba-01d0-4cce-8baa-95011a1c2ef2" testId="5ac2bf70-af62-6608-144a-c15b16bdd7d7" testName="Banana.IntegrationTests.BananaPipelineIntegrationTests.PredictRipeness_WhenTemperatureHistoryIsEmpty_ReturnsBadRequest" computerName="FOURTYSIXTY" duration="00:00:00.0159101" startTime="2026-04-25T13:27:14.2541747-05:00" endTime="2026-04-25T13:27:14.2541750-05:00" testType="13cdc9d9-ddb5-4fa4-a97d-d965ccfc6d4b" outcome="Passed" testListId="8c84fa94-04c1-424b-9868-57a2d4851a1d" relativeResultsDirectory="8ea43bba-01d0-4cce-8baa-95011a1c2ef2" />
    <UnitTestResult executionId="041bd6a2-3f79-4624-a881-111a0853cf41" testId="5c6cf2f7-02c0-f0f3-941a-9b695c0f3554" testName="Banana.IntegrationTests.BananaPipelineIntegrationTests.GetBanana_WhenDatabaseStepThrowsDatabaseAccessException_ReturnsServiceUnavailable" computerName="FOURTYSIXTY" duration="00:00:00.0148899" startTime="2026-04-25T13:27:14.4458866-05:00" endTime="2026-04-25T13:27:14.4458868-05:00" testType="13cdc9d9-ddb5-4fa4-a97d-d965ccfc6d4b" outcome="Passed" testListId="8c84fa94-04c1-424b-9868-57a2d4851a1d" relativeResultsDirectory="041bd6a2-3f79-4624-a881-111a0853cf41" />
    <UnitTestResult executionId="c9b00979-b94f-4626-a798-8b73d8ec83d0" testId="f6cdf66c-ebbc-9344-ca78-638e2d2d5aa7" testName="Banana.IntegrationTests.BananaPipelineIntegrationTests.ClassifyNotBanana_WhenActorTypeIsMissing_ReturnsBadRequest" computerName="FOURTYSIXTY" duration="00:00:00.0315153" startTime="2026-04-25T13:27:14.4299778-05:00" endTime="2026-04-25T13:27:14.4299780-05:00" testType="13cdc9d9-ddb5-4fa4-a97d-d965ccfc6d4b" outcome="Passed" testListId="8c84fa94-04c1-424b-9868-57a2d4851a1d" relativeResultsDirectory="c9b00979-b94f-4626-a798-8b73d8ec83d0" />
    <UnitTestResult executionId="1c58457a-bff4-4a87-bba6-715dc042df30" testId="0c2cb0b9-9e69-bca8-3050-3e9bbafa72b2" testName="Banana.IntegrationTests.BananaPipelineIntegrationTests.GetBanana_WhenMultiplierIsNegative_ReturnsBadRequest" computerName="FOURTYSIXTY" duration="00:00:00.0339718" startTime="2026-04-25T13:27:14.5806297-05:00" endTime="2026-04-25T13:27:14.5806304-05:00" testType="13cdc9d9-ddb5-4fa4-a97d-d965ccfc6d4b" outcome="Passed" testListId="8c84fa94-04c1-424b-9868-57a2d4851a1d" relativeResultsDirectory="1c58457a-bff4-4a87-bba6-715dc042df30" />
    <UnitTestResult executionId="a597da08-248f-4c54-8560-c4536ee8b130" testId="c4e042b3-9068-cc69-f728-1df4bd20b203" testName="Banana.IntegrationTests.BananaPipelineIntegrationTests.GetBanana_UsesManagedNpgsqlClient_WhenPostgresConnectionIsConfigured" computerName="FOURTYSIXTY" duration="00:00:00.0010504" startTime="2026-04-25T13:27:14.2556393-05:00" endTime="2026-04-25T13:27:14.2556398-05:00" testType="13cdc9d9-ddb5-4fa4-a97d-d965ccfc6d4b" outcome="Passed" testListId="8c84fa94-04c1-424b-9868-57a2d4851a1d" relativeResultsDirectory="a597da08-248f-4c54-8560-c4536ee8b130" />
    <UnitTestResult executionId="d53deb87-85c8-49b0-978b-d963b0695fb1" testId="f1c5989f-cd8a-621c-e353-3b7f42c82778" testName="Banana.IntegrationTests.BananaPipelineIntegrationTests.PredictRipeness_WhenBatchIdIsWhitespace_ReturnsBadRequest" computerName="FOURTYSIXTY" duration="00:00:00.0143769" startTime="2026-04-25T13:27:14.4917528-05:00" endTime="2026-04-25T13:27:14.4917531-05:00" testType="13cdc9d9-ddb5-4fa4-a97d-d965ccfc6d4b" outcome="Passed" testListId="8c84fa94-04c1-424b-9868-57a2d4851a1d" relativeResultsDirectory="d53deb87-85c8-49b0-978b-d963b0695fb1" />
    <UnitTestResult executionId="89ab998b-9f28-4d1a-b324-bf6f8ecbe7e8" testId="32b7cca8-1d61-913e-20af-81ba5be1154d" testName="Banana.IntegrationTests.BananaEndpointTests.GetBanana_ReturnsOk_WhenNativeLibraryIsAvailable" computerName="FOURTYSIXTY" duration="00:00:00.2568065" startTime="2026-04-25T13:27:14.1787522-05:00" endTime="2026-04-25T13:27:14.1787523-05:00" testType="13cdc9d9-ddb5-4fa4-a97d-d965ccfc6d4b" outcome="Passed" testListId="8c84fa94-04c1-424b-9868-57a2d4851a1d" relativeResultsDirectory="89ab998b-9f28-4d1a-b324-bf6f8ecbe7e8" />
    <UnitTestResult executionId="0d66234f-d41b-44c0-920a-97c004547779" testId="7ccc59d9-de66-5367-0b3c-28fbdcbe33ae" testName="Banana.IntegrationTests.BananaPipelineIntegrationTests.CreateBatch_AndGetBatchStatus_ReturnExpectedBody" computerName="FOURTYSIXTY" duration="00:00:00.0368628" startTime="2026-04-25T13:27:14.8152499-05:00" endTime="2026-04-25T13:27:14.8152503-05:00" testType="13cdc9d9-ddb5-4fa4-a97d-d965ccfc6d4b" outcome="Passed" testListId="8c84fa94-04c1-424b-9868-57a2d4851a1d" relativeResultsDirectory="0d66234f-d41b-44c0-920a-97c004547779" />
    <UnitTestResult executionId="4a080316-adb2-4f9a-9bf2-43dafc49fe64" testId="b8c964d4-f74f-62b5-5bab-0c867c9b137d" testName="Banana.IntegrationTests.BananaPipelineIntegrationTests.PredictRipeness_WhenMechanicalDamageIsNegative_ReturnsBadRequest" computerName="FOURTYSIXTY" duration="00:00:00.0137778" startTime="2026-04-25T13:27:14.3641586-05:00" endTime="2026-04-25T13:27:14.3641587-05:00" testType="13cdc9d9-ddb5-4fa4-a97d-d965ccfc6d4b" outcome="Passed" testListId="8c84fa94-04c1-424b-9868-57a2d4851a1d" relativeResultsDirectory="4a080316-adb2-4f9a-9bf2-43dafc49fe64" />
    <UnitTestResult executionId="5486f55c-ca4d-4cb0-be51-cb80249a7dee" testId="d0cd4ca2-06ee-c2db-3393-8f444891536a" testName="Banana.IntegrationTests.BananaPipelineIntegrationTests.GetBanana_WhenValidationFails_ReturnsBadRequest" computerName="FOURTYSIXTY" duration="00:00:00.0122831" startTime="2026-04-25T13:27:14.5462121-05:00" endTime="2026-04-25T13:27:14.5462125-05:00" testType="13cdc9d9-ddb5-4fa4-a97d-d965ccfc6d4b" outcome="Passed" testListId="8c84fa94-04c1-424b-9868-57a2d4851a1d" relativeResultsDirectory="5486f55c-ca4d-4cb0-be51-cb80249a7dee" />
    <UnitTestResult executionId="e5276a33-22b8-4f43-ace7-aecc44f541b6" testId="1f157e2f-2960-c4d6-3f73-5bd195436c95" testName="Banana.IntegrationTests.BananaPipelineIntegrationTests.CoreSuccessE2E_CJ001_BananaConsoleJourney_ReturnsExpectedPayloads" computerName="FOURTYSIXTY" duration="00:00:00.0252194" startTime="2026-04-25T13:27:14.7646248-05:00" endTime="2026-04-25T13:27:14.7646251-05:00" testType="13cdc9d9-ddb5-4fa4-a97d-d965ccfc6d4b" outcome="Passed" testListId="8c84fa94-04c1-424b-9868-57a2d4851a1d" relativeResultsDirectory="e5276a33-22b8-4f43-ace7-aecc44f541b6" />
    <UnitTestResult executionId="bcd094a4-f119-4247-8afa-a95735d7fb2c" testId="2931358c-7c91-505a-22d3-795f28d4103c" testName="Banana.IntegrationTests.BananaPipelineIntegrationTests.DataAccessClientResolution_UsesManagedClient_WhenConfigured" computerName="FOURTYSIXTY" duration="00:00:00.0127212" startTime="2026-04-25T13:27:14.6153652-05:00" endTime="2026-04-25T13:27:14.6153656-05:00" testType="13cdc9d9-ddb5-4fa4-a97d-d965ccfc6d4b" outcome="Passed" testListId="8c84fa94-04c1-424b-9868-57a2d4851a1d" relativeResultsDirectory="bcd094a4-f119-4247-8afa-a95735d7fb2c" />
    <UnitTestResult executionId="be7c75c8-ee70-4458-b054-898b35e99ba8" testId="38044da5-8d2a-86fa-93d1-f16a79ce3e0c" testName="Banana.IntegrationTests.BananaPipelineIntegrationTests.CoreSuccessE2E_CJ002_NotBananaJourney_ReturnsPolymorphicClassification" computerName="FOURTYSIXTY" duration="00:00:00.0600948" startTime="2026-04-25T13:27:14.2378708-05:00" endTime="2026-04-25T13:27:14.2378712-05:00" testType="13cdc9d9-ddb5-4fa4-a97d-d965ccfc6d4b" outcome="Passed" testListId="8c84fa94-04c1-424b-9868-57a2d4851a1d" relativeResultsDirectory="be7c75c8-ee70-4458-b054-898b35e99ba8" />
    <UnitTestResult executionId="e38c3181-9391-4bd6-b0a4-4dc0db4b2bd3" testId="0e1ef922-acb3-7262-ed01-905385a31765" testName="Banana.IntegrationTests.BananaPipelineIntegrationTests.ClassifyNotBanana_WhenPayloadIsEmpty_ReturnsBadRequest" computerName="FOURTYSIXTY" duration="00:00:00.0162822" startTime="2026-04-25T13:27:14.6319646-05:00" endTime="2026-04-25T13:27:14.6319648-05:00" testType="13cdc9d9-ddb5-4fa4-a97d-d965ccfc6d4b" outcome="Passed" testListId="8c84fa94-04c1-424b-9868-57a2d4851a1d" relativeResultsDirectory="e38c3181-9391-4bd6-b0a4-4dc0db4b2bd3" />
    <UnitTestResult executionId="a938e734-ce19-41b3-bc33-4b3c67e586ea" testId="3d175f18-fbaa-d6a2-376a-89ad7b435952" testName="Banana.IntegrationTests.BananaPipelineIntegrationTests.PredictRipeness_ReturnsExpectedBody" computerName="FOURTYSIXTY" duration="00:00:00.0189244" startTime="2026-04-25T13:27:14.7390692-05:00" endTime="2026-04-25T13:27:14.7390693-05:00" testType="13cdc9d9-ddb5-4fa4-a97d-d965ccfc6d4b" outcome="Passed" testListId="8c84fa94-04c1-424b-9868-57a2d4851a1d" relativeResultsDirectory="a938e734-ce19-41b3-bc33-4b3c67e586ea" />
    <UnitTestResult executionId="ee65bf91-374a-4457-a3f5-c9db1d89c9d7" testId="8ac79015-3799-d93a-34f9-fd75973492a5" testName="Banana.IntegrationTests.BananaPipelineIntegrationTests.CreateBatch_WhenBatchIdIsWhitespace_ReturnsBadRequest" computerName="FOURTYSIXTY" duration="00:00:00.0146590" startTime="2026-04-25T13:27:14.5335252-05:00" endTime="2026-04-25T13:27:14.5335253-05:00" testType="13cdc9d9-ddb5-4fa4-a97d-d965ccfc6d4b" outcome="Passed" testListId="8c84fa94-04c1-424b-9868-57a2d4851a1d" relativeResultsDirectory="ee65bf91-374a-4457-a3f5-c9db1d89c9d7" />
    <UnitTestResult executionId="ad6cf404-cf60-4208-af5d-c48f76330c29" testId="08177bfb-8c0d-522b-2ae9-58da1c4bcea3" testName="Banana.IntegrationTests.BananaEndpointTests.GetBanana_ReturnsExpectedResponseBody_WhenNativeLibraryIsAvailable" computerName="FOURTYSIXTY" duration="00:00:00.0064006" startTime="2026-04-25T13:27:14.1845135-05:00" endTime="2026-04-25T13:27:14.1845138-05:00" testType="13cdc9d9-ddb5-4fa4-a97d-d965ccfc6d4b" outcome="Passed" testListId="8c84fa94-04c1-424b-9868-57a2d4851a1d" relativeResultsDirectory="ad6cf404-cf60-4208-af5d-c48f76330c29" />
    <UnitTestResult executionId="82ae5ba2-4e0c-4e65-87d0-79e0acb4749f" testId="1cbb1afa-cc46-abf4-3ebe-b71989f4c504" testName="Banana.IntegrationTests.BananaPipelineIntegrationTests.GetBanana_UsesPipelineAndReturnsExpectedBody" computerName="FOURTYSIXTY" duration="00:00:00.0187396" startTime="2026-04-25T13:27:14.2923811-05:00" endTime="2026-04-25T13:27:14.2923814-05:00" testType="13cdc9d9-ddb5-4fa4-a97d-d965ccfc6d4b" outcome="Passed" testListId="8c84fa94-04c1-424b-9868-57a2d4851a1d" relativeResultsDirectory="82ae5ba2-4e0c-4e65-87d0-79e0acb4749f" />
    <UnitTestResult executionId="a2b6f0a4-e803-420c-a821-136c0aa9dc4b" testId="4a70cb09-b775-f7b0-9317-f75014c3c8c6" testName="Banana.IntegrationTests.BananaPipelineIntegrationTests.DataAccessClientResolution_FallsBackToNativeDal_WhenModeIsOutOfRange" computerName="FOURTYSIXTY" duration="00:00:00.0114374" startTime="2026-04-25T13:27:14.6435455-05:00" endTime="2026-04-25T13:27:14.6435459-05:00" testType="13cdc9d9-ddb5-4fa4-a97d-d965ccfc6d4b" outcome="Passed" testListId="8c84fa94-04c1-424b-9868-57a2d4851a1d" relativeResultsDirectory="a2b6f0a4-e803-420c-a821-136c0aa9dc4b" />
    <UnitTestResult executionId="5093d5af-d070-4473-8b29-a4f2bbf2ea80" testId="145b1f3c-2e20-6c20-485f-291e2993a806" testName="Banana.IntegrationTests.BananaPipelineIntegrationTests.GetBanana_Tranche1FixtureReset_ResetsStateAcrossFreshHosts" computerName="FOURTYSIXTY" duration="00:00:00.0276015" startTime="2026-04-25T13:27:14.7197987-05:00" endTime="2026-04-25T13:27:14.7197991-05:00" testType="13cdc9d9-ddb5-4fa4-a97d-d965ccfc6d4b" outcome="Passed" testListId="8c84fa94-04c1-424b-9868-57a2d4851a1d" relativeResultsDirectory="5093d5af-d070-4473-8b29-a4f2bbf2ea80" />
    <UnitTestResult executionId="90cd0064-0353-4c01-b5c2-c93f80341c69" testId="20fd7f51-29cb-d16f-c936-0b5ff8a36885" testName="Banana.IntegrationTests.BananaPipelineIntegrationTests.FailureRecoveryE2E_CJ006_BananaPipeline_RecoversAfterNativeFailureInSameSession" computerName="FOURTYSIXTY" duration="00:00:00.0287439" startTime="2026-04-25T13:27:14.6917496-05:00" endTime="2026-04-25T13:27:14.6917500-05:00" testType="13cdc9d9-ddb5-4fa4-a97d-d965ccfc6d4b" outcome="Passed" testListId="8c84fa94-04c1-424b-9868-57a2d4851a1d" relativeResultsDirectory="90cd0064-0353-4c01-b5c2-c93f80341c69" />
    <UnitTestResult executionId="bec8d4cc-4889-4268-8ace-bd94e3e3c5b5" testId="45b22764-92b2-f999-3e69-7ad45b10ea06" testName="Banana.IntegrationTests.BananaPipelineIntegrationTests.GetBanana_UsesManagedNpgsqlClient_WhenQueryReturnsMoreThanOneRow" computerName="FOURTYSIXTY" duration="00:00:00.0006166" startTime="2026-04-25T13:27:14.4306571-05:00" endTime="2026-04-25T13:27:14.4306573-05:00" testType="13cdc9d9-ddb5-4fa4-a97d-d965ccfc6d4b" outcome="Passed" testListId="8c84fa94-04c1-424b-9868-57a2d4851a1d" relativeResultsDirectory="bec8d4cc-4889-4268-8ace-bd94e3e3c5b5" />
    <UnitTestResult executionId="a20fd1c5-b0c7-4213-ade1-35516630aa71" testId="a14bf28d-5043-7006-0f39-62264c06b78b" testName="Banana.IntegrationTests.BananaPipelineIntegrationTests.CreateBatch_WhenTelemetryIsNegative_ReturnsBadRequest" computerName="FOURTYSIXTY" duration="00:00:00.0150481" startTime="2026-04-25T13:27:14.4612548-05:00" endTime="2026-04-25T13:27:14.4612549-05:00" testType="13cdc9d9-ddb5-4fa4-a97d-d965ccfc6d4b" outcome="Passed" testListId="8c84fa94-04c1-424b-9868-57a2d4851a1d" relativeResultsDirectory="a20fd1c5-b0c7-4213-ade1-35516630aa71" />
    <UnitTestResult executionId="5ed090ac-9622-429f-818c-f06bd1005051" testId="19c52fcd-7bac-bc98-0d26-5d3b057adade" testName="Banana.IntegrationTests.BananaPipelineIntegrationTests.CreateBatch_WhenOriginFarmIsWhitespace_ReturnsBadRequest" computerName="FOURTYSIXTY" duration="00:00:00.0172674" startTime="2026-04-25T13:27:14.2732671-05:00" endTime="2026-04-25T13:27:14.2732673-05:00" testType="13cdc9d9-ddb5-4fa4-a97d-d965ccfc6d4b" outcome="Passed" testListId="8c84fa94-04c1-424b-9868-57a2d4851a1d" relativeResultsDirectory="5ed090ac-9622-429f-818c-f06bd1005051" />
    <UnitTestResult executionId="135c7aad-af3f-4a55-b4e3-7c8a8287bae4" testId="e3143db9-1d99-8d7f-be12-dc437d01099a" testName="Banana.IntegrationTests.BananaPipelineIntegrationTests.PredictRipeness_WhenDaysSinceHarvestIsNegative_ReturnsBadRequest" computerName="FOURTYSIXTY" duration="00:00:00.0153105" startTime="2026-04-25T13:27:14.4769972-05:00" endTime="2026-04-25T13:27:14.4769977-05:00" testType="13cdc9d9-ddb5-4fa4-a97d-d965ccfc6d4b" outcome="Passed" testListId="8c84fa94-04c1-424b-9868-57a2d4851a1d" relativeResultsDirectory="135c7aad-af3f-4a55-b4e3-7c8a8287bae4" />
    <UnitTestResult executionId="479fc761-3872-45b4-a968-aea1155307e1" testId="ebfa65d0-1b00-0951-1f27-f168d01dfaf7" testName="Banana.IntegrationTests.BananaPipelineIntegrationTests.DataResetE2E_CJ007_BatchState_DoesNotLeakAcrossScenarioHosts" computerName="FOURTYSIXTY" duration="00:00:00.0509598" startTime="2026-04-25T13:27:14.3436767-05:00" endTime="2026-04-25T13:27:14.3436769-05:00" testType="13cdc9d9-ddb5-4fa4-a97d-d965ccfc6d4b" outcome="Passed" testListId="8c84fa94-04c1-424b-9868-57a2d4851a1d" relativeResultsDirectory="479fc761-3872-45b4-a968-aea1155307e1" />
    <UnitTestResult executionId="5f0e3a58-067a-4ec1-afb9-49d81bf8d783" testId="6ad0b88f-24eb-acc8-c7d4-e4d3428450c2" testName="Banana.IntegrationTests.BananaPipelineIntegrationTests.PredictRipeness_WhenBatchDoesNotExist_ReturnsNotFound" computerName="FOURTYSIXTY" duration="00:00:00.2567913" startTime="2026-04-25T13:27:14.1768894-05:00" endTime="2026-04-25T13:27:14.1769001-05:00" testType="13cdc9d9-ddb5-4fa4-a97d-d965ccfc6d4b" outcome="Passed" testListId="8c84fa94-04c1-424b-9868-57a2d4851a1d" relativeResultsDirectory="5f0e3a58-067a-4ec1-afb9-49d81bf8d783" />
    <UnitTestResult executionId="264a1b20-dab8-408a-9a7d-eed9e9d6dfe2" testId="c5255836-4432-0eab-52b0-8a095211195b" testName="Banana.IntegrationTests.BananaPipelineIntegrationTests.PredictRipeness_WhenEthyleneExposureIsNegative_ReturnsBadRequest" computerName="FOURTYSIXTY" duration="00:00:00.0179548" startTime="2026-04-25T13:27:14.6625849-05:00" endTime="2026-04-25T13:27:14.6625852-05:00" testType="13cdc9d9-ddb5-4fa4-a97d-d965ccfc6d4b" outcome="Passed" testListId="8c84fa94-04c1-424b-9868-57a2d4851a1d" relativeResultsDirectory="264a1b20-dab8-408a-9a7d-eed9e9d6dfe2" />
  </Results>
  <TestDefinitions>
    <UnitTest name="Banana.IntegrationTests.BananaPipelineIntegrationTests.PredictRipeness_WhenBatchDoesNotExist_ReturnsNotFound" storage="c:\github\banana\tests\integration\bin\debug\net8.0\banana.integrationtests.dll" id="6ad0b88f-24eb-acc8-c7d4-e4d3428450c2">
      <Execution id="5f0e3a58-067a-4ec1-afb9-49d81bf8d783" />
      <TestMethod codeBase="C:\Github\Banana\tests\integration\bin\Debug\net8.0\Banana.IntegrationTests.dll" adapterTypeName="executor://xunit/VsTestRunner2/netcoreapp" className="Banana.IntegrationTests.BananaPipelineIntegrationTests" name="PredictRipeness_WhenBatchDoesNotExist_ReturnsNotFound" />
    </UnitTest>
    <UnitTest name="Banana.IntegrationTests.BananaPipelineIntegrationTests.GetBanana_Tranche1FixtureReset_ResetsStateAcrossFreshHosts" storage="c:\github\banana\tests\integration\bin\debug\net8.0\banana.integrationtests.dll" id="145b1f3c-2e20-6c20-485f-291e2993a806">
      <Execution id="5093d5af-d070-4473-8b29-a4f2bbf2ea80" />
      <TestMethod codeBase="C:\Github\Banana\tests\integration\bin\Debug\net8.0\Banana.IntegrationTests.dll" adapterTypeName="executor://xunit/VsTestRunner2/netcoreapp" className="Banana.IntegrationTests.BananaPipelineIntegrationTests" name="GetBanana_Tranche1FixtureReset_ResetsStateAcrossFreshHosts" />
    </UnitTest>
    <UnitTest name="Banana.IntegrationTests.BananaPipelineIntegrationTests.CreateBatch_WhenOriginFarmIsWhitespace_ReturnsBadRequest" storage="c:\github\banana\tests\integration\bin\debug\net8.0\banana.integrationtests.dll" id="19c52fcd-7bac-bc98-0d26-5d3b057adade">
      <Execution id="5ed090ac-9622-429f-818c-f06bd1005051" />
      <TestMethod codeBase="C:\Github\Banana\tests\integration\bin\Debug\net8.0\Banana.IntegrationTests.dll" adapterTypeName="executor://xunit/VsTestRunner2/netcoreapp" className="Banana.IntegrationTests.BananaPipelineIntegrationTests" name="CreateBatch_WhenOriginFarmIsWhitespace_ReturnsBadRequest" />
    </UnitTest>
    <UnitTest name="Banana.IntegrationTests.BananaPipelineIntegrationTests.GetBanana_WhenValidationFails_ReturnsBadRequest" storage="c:\github\banana\tests\integration\bin\debug\net8.0\banana.integrationtests.dll" id="d0cd4ca2-06ee-c2db-3393-8f444891536a">
      <Execution id="5486f55c-ca4d-4cb0-be51-cb80249a7dee" />
      <TestMethod codeBase="C:\Github\Banana\tests\integration\bin\Debug\net8.0\Banana.IntegrationTests.dll" adapterTypeName="executor://xunit/VsTestRunner2/netcoreapp" className="Banana.IntegrationTests.BananaPipelineIntegrationTests" name="GetBanana_WhenValidationFails_ReturnsBadRequest" />
    </UnitTest>
    <UnitTest name="Banana.IntegrationTests.BananaPipelineIntegrationTests.CoreSuccessE2E_CJ001_BananaConsoleJourney_ReturnsExpectedPayloads" storage="c:\github\banana\tests\integration\bin\debug\net8.0\banana.integrationtests.dll" id="1f157e2f-2960-c4d6-3f73-5bd195436c95">
      <Execution id="e5276a33-22b8-4f43-ace7-aecc44f541b6" />
      <TestMethod codeBase="C:\Github\Banana\tests\integration\bin\Debug\net8.0\Banana.IntegrationTests.dll" adapterTypeName="executor://xunit/VsTestRunner2/netcoreapp" className="Banana.IntegrationTests.BananaPipelineIntegrationTests" name="CoreSuccessE2E_CJ001_BananaConsoleJourney_ReturnsExpectedPayloads" />
    </UnitTest>
    <UnitTest name="Banana.IntegrationTests.BananaPipelineIntegrationTests.CoreSuccessE2E_CJ002_NotBananaJourney_ReturnsPolymorphicClassification" storage="c:\github\banana\tests\integration\bin\debug\net8.0\banana.integrationtests.dll" id="38044da5-8d2a-86fa-93d1-f16a79ce3e0c">
      <Execution id="be7c75c8-ee70-4458-b054-898b35e99ba8" />
      <TestMethod codeBase="C:\Github\Banana\tests\integration\bin\Debug\net8.0\Banana.IntegrationTests.dll" adapterTypeName="executor://xunit/VsTestRunner2/netcoreapp" className="Banana.IntegrationTests.BananaPipelineIntegrationTests" name="CoreSuccessE2E_CJ002_NotBananaJourney_ReturnsPolymorphicClassification" />
    </UnitTest>
    <UnitTest name="Banana.IntegrationTests.BananaPipelineIntegrationTests.GetBanana_UsesPipelineAndReturnsExpectedBody" storage="c:\github\banana\tests\integration\bin\debug\net8.0\banana.integrationtests.dll" id="1cbb1afa-cc46-abf4-3ebe-b71989f4c504">
      <Execution id="82ae5ba2-4e0c-4e65-87d0-79e0acb4749f" />
      <TestMethod codeBase="C:\Github\Banana\tests\integration\bin\Debug\net8.0\Banana.IntegrationTests.dll" adapterTypeName="executor://xunit/VsTestRunner2/netcoreapp" className="Banana.IntegrationTests.BananaPipelineIntegrationTests" name="GetBanana_UsesPipelineAndReturnsExpectedBody" />
    </UnitTest>
    <UnitTest name="Banana.IntegrationTests.BananaPipelineIntegrationTests.PredictRipeness_WhenDaysSinceHarvestIsNegative_ReturnsBadRequest" storage="c:\github\banana\tests\integration\bin\debug\net8.0\banana.integrationtests.dll" id="e3143db9-1d99-8d7f-be12-dc437d01099a">
      <Execution id="135c7aad-af3f-4a55-b4e3-7c8a8287bae4" />
      <TestMethod codeBase="C:\Github\Banana\tests\integration\bin\Debug\net8.0\Banana.IntegrationTests.dll" adapterTypeName="executor://xunit/VsTestRunner2/netcoreapp" className="Banana.IntegrationTests.BananaPipelineIntegrationTests" name="PredictRipeness_WhenDaysSinceHarvestIsNegative_ReturnsBadRequest" />
    </UnitTest>
    <UnitTest name="Banana.IntegrationTests.BananaPipelineIntegrationTests.ClassifyNotBanana_WhenActorTypeIsMissing_ReturnsBadRequest" storage="c:\github\banana\tests\integration\bin\debug\net8.0\banana.integrationtests.dll" id="f6cdf66c-ebbc-9344-ca78-638e2d2d5aa7">
      <Execution id="c9b00979-b94f-4626-a798-8b73d8ec83d0" />
      <TestMethod codeBase="C:\Github\Banana\tests\integration\bin\Debug\net8.0\Banana.IntegrationTests.dll" adapterTypeName="executor://xunit/VsTestRunner2/netcoreapp" className="Banana.IntegrationTests.BananaPipelineIntegrationTests" name="ClassifyNotBanana_WhenActorTypeIsMissing_ReturnsBadRequest" />
    </UnitTest>
    <UnitTest name="Banana.IntegrationTests.BananaPipelineIntegrationTests.GetBanana_UsesManagedNpgsqlClient_WhenQueryReturnsNoRows" storage="c:\github\banana\tests\integration\bin\debug\net8.0\banana.integrationtests.dll" id="93463640-d7cc-06d1-15d2-44c3718b76de">
      <Execution id="86aab5ad-4c6b-4c5e-a26f-d5f386f03c16" />
      <TestMethod codeBase="C:\Github\Banana\tests\integration\bin\Debug\net8.0\Banana.IntegrationTests.dll" adapterTypeName="executor://xunit/VsTestRunner2/netcoreapp" className="Banana.IntegrationTests.BananaPipelineIntegrationTests" name="GetBanana_UsesManagedNpgsqlClient_WhenQueryReturnsNoRows" />
    </UnitTest>
    <UnitTest name="Banana.IntegrationTests.BananaPipelineIntegrationTests.DataResetE2E_CJ007_BatchState_DoesNotLeakAcrossScenarioHosts" storage="c:\github\banana\tests\integration\bin\debug\net8.0\banana.integrationtests.dll" id="ebfa65d0-1b00-0951-1f27-f168d01dfaf7">
      <Execution id="479fc761-3872-45b4-a968-aea1155307e1" />
      <TestMethod codeBase="C:\Github\Banana\tests\integration\bin\Debug\net8.0\Banana.IntegrationTests.dll" adapterTypeName="executor://xunit/VsTestRunner2/netcoreapp" className="Banana.IntegrationTests.BananaPipelineIntegrationTests" name="DataResetE2E_CJ007_BatchState_DoesNotLeakAcrossScenarioHosts" />
    </UnitTest>
    <UnitTest name="Banana.IntegrationTests.BananaPipelineIntegrationTests.DataAccessClientResolution_FallsBackToNativeDal_WhenModeIsOutOfRange" storage="c:\github\banana\tests\integration\bin\debug\net8.0\banana.integrationtests.dll" id="4a70cb09-b775-f7b0-9317-f75014c3c8c6">
      <Execution id="a2b6f0a4-e803-420c-a821-136c0aa9dc4b" />
      <TestMethod codeBase="C:\Github\Banana\tests\integration\bin\Debug\net8.0\Banana.IntegrationTests.dll" adapterTypeName="executor://xunit/VsTestRunner2/netcoreapp" className="Banana.IntegrationTests.BananaPipelineIntegrationTests" name="DataAccessClientResolution_FallsBackToNativeDal_WhenModeIsOutOfRange" />
    </UnitTest>
    <UnitTest name="Banana.IntegrationTests.BananaPipelineIntegrationTests.GetBanana_UsesManagedNpgsqlClient_WhenPostgresConnectionIsConfigured" storage="c:\github\banana\tests\integration\bin\debug\net8.0\banana.integrationtests.dll" id="c4e042b3-9068-cc69-f728-1df4bd20b203">
      <Execution id="a597da08-248f-4c54-8560-c4536ee8b130" />
      <TestMethod codeBase="C:\Github\Banana\tests\integration\bin\Debug\net8.0\Banana.IntegrationTests.dll" adapterTypeName="executor://xunit/VsTestRunner2/netcoreapp" className="Banana.IntegrationTests.BananaPipelineIntegrationTests" name="GetBanana_UsesManagedNpgsqlClient_WhenPostgresConnectionIsConfigured" />
    </UnitTest>
    <UnitTest name="Banana.IntegrationTests.BananaPipelineIntegrationTests.GetBanana_UsesPipelineAndReturnsExpectedBody_WhenBonusBranchIsNotApplied" storage="c:\github\banana\tests\integration\bin\debug\net8.0\banana.integrationtests.dll" id="f148a5a2-a9f0-5ce8-24c0-2c13544a79be">
      <Execution id="6e1e6a05-967e-46d2-aee5-d11884c91b54" />
      <TestMethod codeBase="C:\Github\Banana\tests\integration\bin\Debug\net8.0\Banana.IntegrationTests.dll" adapterTypeName="executor://xunit/VsTestRunner2/netcoreapp" className="Banana.IntegrationTests.BananaPipelineIntegrationTests" name="GetBanana_UsesPipelineAndReturnsExpectedBody_WhenBonusBranchIsNotApplied" />
    </UnitTest>
    <UnitTest name="Banana.IntegrationTests.BananaPipelineIntegrationTests.PredictRipeness_WhenTemperatureHistoryIsEmpty_ReturnsBadRequest" storage="c:\github\banana\tests\integration\bin\debug\net8.0\banana.integrationtests.dll" id="5ac2bf70-af62-6608-144a-c15b16bdd7d7">
      <Execution id="8ea43bba-01d0-4cce-8baa-95011a1c2ef2" />
      <TestMethod codeBase="C:\Github\Banana\tests\integration\bin\Debug\net8.0\Banana.IntegrationTests.dll" adapterTypeName="executor://xunit/VsTestRunner2/netcoreapp" className="Banana.IntegrationTests.BananaPipelineIntegrationTests" name="PredictRipeness_WhenTemperatureHistoryIsEmpty_ReturnsBadRequest" />
    </UnitTest>
    <UnitTest name="Banana.IntegrationTests.BananaPipelineIntegrationTests.PredictRipeness_WhenBatchIdIsWhitespace_ReturnsBadRequest" storage="c:\github\banana\tests\integration\bin\debug\net8.0\banana.integrationtests.dll" id="f1c5989f-cd8a-621c-e353-3b7f42c82778">
      <Execution id="d53deb87-85c8-49b0-978b-d963b0695fb1" />
      <TestMethod codeBase="C:\Github\Banana\tests\integration\bin\Debug\net8.0\Banana.IntegrationTests.dll" adapterTypeName="executor://xunit/VsTestRunner2/netcoreapp" className="Banana.IntegrationTests.BananaPipelineIntegrationTests" name="PredictRipeness_WhenBatchIdIsWhitespace_ReturnsBadRequest" />
    </UnitTest>
    <UnitTest name="Banana.IntegrationTests.BananaPipelineIntegrationTests.GetBanana_WhenMultiplierIsNegative_ReturnsBadRequest" storage="c:\github\banana\tests\integration\bin\debug\net8.0\banana.integrationtests.dll" id="0c2cb0b9-9e69-bca8-3050-3e9bbafa72b2">
      <Execution id="1c58457a-bff4-4a87-bba6-715dc042df30" />
      <TestMethod codeBase="C:\Github\Banana\tests\integration\bin\Debug\net8.0\Banana.IntegrationTests.dll" adapterTypeName="executor://xunit/VsTestRunner2/netcoreapp" className="Banana.IntegrationTests.BananaPipelineIntegrationTests" name="GetBanana_WhenMultiplierIsNegative_ReturnsBadRequest" />
    </UnitTest>
    <UnitTest name="Banana.IntegrationTests.BananaPipelineIntegrationTests.ClassifyNotBanana_WhenNoBananaSignalsExist_ReturnsNotBananaClassification" storage="c:\github\banana\tests\integration\bin\debug\net8.0\banana.integrationtests.dll" id="6e721827-d614-951d-5adf-84d92da28217">
      <Execution id="33275858-0da6-46b4-94da-4d07d395cdc2" />
      <TestMethod codeBase="C:\Github\Banana\tests\integration\bin\Debug\net8.0\Banana.IntegrationTests.dll" adapterTypeName="executor://xunit/VsTestRunner2/netcoreapp" className="Banana.IntegrationTests.BananaPipelineIntegrationTests" name="ClassifyNotBanana_WhenNoBananaSignalsExist_ReturnsNotBananaClassification" />
    </UnitTest>
    <UnitTest name="Banana.IntegrationTests.BananaPipelineIntegrationTests.GetBanana_UsesPipelineAndReturnsExpectedBody_WhenPostProcessingStepIsRemoved" storage="c:\github\banana\tests\integration\bin\debug\net8.0\banana.integrationtests.dll" id="09a9fd84-0267-0c9d-04e5-65a5aedc74a4">
      <Execution id="1b5500f7-1567-45ea-b8d6-233c4cbb0bdb" />
      <TestMethod codeBase="C:\Github\Banana\tests\integration\bin\Debug\net8.0\Banana.IntegrationTests.dll" adapterTypeName="executor://xunit/VsTestRunner2/netcoreapp" className="Banana.IntegrationTests.BananaPipelineIntegrationTests" name="GetBanana_UsesPipelineAndReturnsExpectedBody_WhenPostProcessingStepIsRemoved" />
    </UnitTest>
    <UnitTest name="Banana.IntegrationTests.BananaPipelineIntegrationTests.PredictRipeness_WhenEthyleneExposureIsNegative_ReturnsBadRequest" storage="c:\github\banana\tests\integration\bin\debug\net8.0\banana.integrationtests.dll" id="c5255836-4432-0eab-52b0-8a095211195b">
      <Execution id="264a1b20-dab8-408a-9a7d-eed9e9d6dfe2" />
      <TestMethod codeBase="C:\Github\Banana\tests\integration\bin\Debug\net8.0\Banana.IntegrationTests.dll" adapterTypeName="executor://xunit/VsTestRunner2/netcoreapp" className="Banana.IntegrationTests.BananaPipelineIntegrationTests" name="PredictRipeness_WhenEthyleneExposureIsNegative_ReturnsBadRequest" />
    </UnitTest>
    <UnitTest name="Banana.IntegrationTests.BananaPipelineIntegrationTests.CreateBatch_WhenBatchIdIsWhitespace_ReturnsBadRequest" storage="c:\github\banana\tests\integration\bin\debug\net8.0\banana.integrationtests.dll" id="8ac79015-3799-d93a-34f9-fd75973492a5">
      <Execution id="ee65bf91-374a-4457-a3f5-c9db1d89c9d7" />
      <TestMethod codeBase="C:\Github\Banana\tests\integration\bin\Debug\net8.0\Banana.IntegrationTests.dll" adapterTypeName="executor://xunit/VsTestRunner2/netcoreapp" className="Banana.IntegrationTests.BananaPipelineIntegrationTests" name="CreateBatch_WhenBatchIdIsWhitespace_ReturnsBadRequest" />
    </UnitTest>
    <UnitTest name="Banana.IntegrationTests.BananaPipelineIntegrationTests.GetBanana_WhenNativeStepThrowsNativeInteropException_ReturnsInternalServerError" storage="c:\github\banana\tests\integration\bin\debug\net8.0\banana.integrationtests.dll" id="5719ad4c-ce95-6fe2-a177-cff2f47b7ce6">
      <Execution id="7187872d-3511-469b-b49e-030d3faefa4c" />
      <TestMethod codeBase="C:\Github\Banana\tests\integration\bin\Debug\net8.0\Banana.IntegrationTests.dll" adapterTypeName="executor://xunit/VsTestRunner2/netcoreapp" className="Banana.IntegrationTests.BananaPipelineIntegrationTests" name="GetBanana_WhenNativeStepThrowsNativeInteropException_ReturnsInternalServerError" />
    </UnitTest>
    <UnitTest name="Banana.IntegrationTests.BananaPipelineIntegrationTests.FailureRecoveryE2E_CJ006_BananaPipeline_RecoversAfterNativeFailureInSameSession" storage="c:\github\banana\tests\integration\bin\debug\net8.0\banana.integrationtests.dll" id="20fd7f51-29cb-d16f-c936-0b5ff8a36885">
      <Execution id="90cd0064-0353-4c01-b5c2-c93f80341c69" />
      <TestMethod codeBase="C:\Github\Banana\tests\integration\bin\Debug\net8.0\Banana.IntegrationTests.dll" adapterTypeName="executor://xunit/VsTestRunner2/netcoreapp" className="Banana.IntegrationTests.BananaPipelineIntegrationTests" name="FailureRecoveryE2E_CJ006_BananaPipeline_RecoversAfterNativeFailureInSameSession" />
    </UnitTest>
    <UnitTest name="Banana.IntegrationTests.BananaPipelineIntegrationTests.DataAccessClientResolution_UsesManagedClient_WhenConfigured" storage="c:\github\banana\tests\integration\bin\debug\net8.0\banana.integrationtests.dll" id="2931358c-7c91-505a-22d3-795f28d4103c">
      <Execution id="bcd094a4-f119-4247-8afa-a95735d7fb2c" />
      <TestMethod codeBase="C:\Github\Banana\tests\integration\bin\Debug\net8.0\Banana.IntegrationTests.dll" adapterTypeName="executor://xunit/VsTestRunner2/netcoreapp" className="Banana.IntegrationTests.BananaPipelineIntegrationTests" name="DataAccessClientResolution_UsesManagedClient_WhenConfigured" />
    </UnitTest>
    <UnitTest name="Banana.IntegrationTests.BananaPipelineIntegrationTests.CreateBatch_WhenTelemetryIsNegative_ReturnsBadRequest" storage="c:\github\banana\tests\integration\bin\debug\net8.0\banana.integrationtests.dll" id="a14bf28d-5043-7006-0f39-62264c06b78b">
      <Execution id="a20fd1c5-b0c7-4213-ade1-35516630aa71" />
      <TestMethod codeBase="C:\Github\Banana\tests\integration\bin\Debug\net8.0\Banana.IntegrationTests.dll" adapterTypeName="executor://xunit/VsTestRunner2/netcoreapp" className="Banana.IntegrationTests.BananaPipelineIntegrationTests" name="CreateBatch_WhenTelemetryIsNegative_ReturnsBadRequest" />
    </UnitTest>
    <UnitTest name="Banana.IntegrationTests.BananaPipelineIntegrationTests.GetBanana_WhenUnhandledExceptionOccurs_ReturnsInternalServerError" storage="c:\github\banana\tests\integration\bin\debug\net8.0\banana.integrationtests.dll" id="8dc41ad1-61e0-28b8-529a-3ccca35ea1e8">
      <Execution id="56facdbf-a2b9-4412-aedb-84e166df4a8e" />
      <TestMethod codeBase="C:\Github\Banana\tests\integration\bin\Debug\net8.0\Banana.IntegrationTests.dll" adapterTypeName="executor://xunit/VsTestRunner2/netcoreapp" className="Banana.IntegrationTests.BananaPipelineIntegrationTests" name="GetBanana_WhenUnhandledExceptionOccurs_ReturnsInternalServerError" />
    </UnitTest>
    <UnitTest name="Banana.IntegrationTests.BananaPipelineIntegrationTests.PredictRipeness_WhenMechanicalDamageIsNegative_ReturnsBadRequest" storage="c:\github\banana\tests\integration\bin\debug\net8.0\banana.integrationtests.dll" id="b8c964d4-f74f-62b5-5bab-0c867c9b137d">
      <Execution id="4a080316-adb2-4f9a-9bf2-43dafc49fe64" />
      <TestMethod codeBase="C:\Github\Banana\tests\integration\bin\Debug\net8.0\Banana.IntegrationTests.dll" adapterTypeName="executor://xunit/VsTestRunner2/netcoreapp" className="Banana.IntegrationTests.BananaPipelineIntegrationTests" name="PredictRipeness_WhenMechanicalDamageIsNegative_ReturnsBadRequest" />
    </UnitTest>
    <UnitTest name="Banana.IntegrationTests.BananaEndpointTests.GetBanana_ReturnsOk_WhenNativeLibraryIsAvailable" storage="c:\github\banana\tests\integration\bin\debug\net8.0\banana.integrationtests.dll" id="32b7cca8-1d61-913e-20af-81ba5be1154d">
      <Execution id="89ab998b-9f28-4d1a-b324-bf6f8ecbe7e8" />
      <TestMethod codeBase="C:\Github\Banana\tests\integration\bin\Debug\net8.0\Banana.IntegrationTests.dll" adapterTypeName="executor://xunit/VsTestRunner2/netcoreapp" className="Banana.IntegrationTests.BananaEndpointTests" name="GetBanana_ReturnsOk_WhenNativeLibraryIsAvailable" />
    </UnitTest>
    <UnitTest name="Banana.IntegrationTests.BananaPipelineIntegrationTests.PredictRipeness_ReturnsExpectedBody" storage="c:\github\banana\tests\integration\bin\debug\net8.0\banana.integrationtests.dll" id="3d175f18-fbaa-d6a2-376a-89ad7b435952">
      <Execution id="a938e734-ce19-41b3-bc33-4b3c67e586ea" />
      <TestMethod codeBase="C:\Github\Banana\tests\integration\bin\Debug\net8.0\Banana.IntegrationTests.dll" adapterTypeName="executor://xunit/VsTestRunner2/netcoreapp" className="Banana.IntegrationTests.BananaPipelineIntegrationTests" name="PredictRipeness_ReturnsExpectedBody" />
    </UnitTest>
    <UnitTest name="Banana.IntegrationTests.BananaPipelineIntegrationTests.ClassifyNotBanana_WhenPayloadIsEmpty_ReturnsBadRequest" storage="c:\github\banana\tests\integration\bin\debug\net8.0\banana.integrationtests.dll" id="0e1ef922-acb3-7262-ed01-905385a31765">
      <Execution id="e38c3181-9391-4bd6-b0a4-4dc0db4b2bd3" />
      <TestMethod codeBase="C:\Github\Banana\tests\integration\bin\Debug\net8.0\Banana.IntegrationTests.dll" adapterTypeName="executor://xunit/VsTestRunner2/netcoreapp" className="Banana.IntegrationTests.BananaPipelineIntegrationTests" name="ClassifyNotBanana_WhenPayloadIsEmpty_ReturnsBadRequest" />
    </UnitTest>
    <UnitTest name="Banana.IntegrationTests.BananaPipelineIntegrationTests.GetBanana_UsesManagedNpgsqlClient_WhenQueryReturnsMoreThanOneRow" storage="c:\github\banana\tests\integration\bin\debug\net8.0\banana.integrationtests.dll" id="45b22764-92b2-f999-3e69-7ad45b10ea06">
      <Execution id="bec8d4cc-4889-4268-8ace-bd94e3e3c5b5" />
      <TestMethod codeBase="C:\Github\Banana\tests\integration\bin\Debug\net8.0\Banana.IntegrationTests.dll" adapterTypeName="executor://xunit/VsTestRunner2/netcoreapp" className="Banana.IntegrationTests.BananaPipelineIntegrationTests" name="GetBanana_UsesManagedNpgsqlClient_WhenQueryReturnsMoreThanOneRow" />
    </UnitTest>
    <UnitTest name="Banana.IntegrationTests.BananaPipelineIntegrationTests.CreateBatch_AndGetBatchStatus_ReturnExpectedBody" storage="c:\github\banana\tests\integration\bin\debug\net8.0\banana.integrationtests.dll" id="7ccc59d9-de66-5367-0b3c-28fbdcbe33ae">
      <Execution id="0d66234f-d41b-44c0-920a-97c004547779" />
      <TestMethod codeBase="C:\Github\Banana\tests\integration\bin\Debug\net8.0\Banana.IntegrationTests.dll" adapterTypeName="executor://xunit/VsTestRunner2/netcoreapp" className="Banana.IntegrationTests.BananaPipelineIntegrationTests" name="CreateBatch_AndGetBatchStatus_ReturnExpectedBody" />
    </UnitTest>
    <UnitTest name="Banana.IntegrationTests.BananaPipelineIntegrationTests.GetBanana_WhenDatabaseStepThrowsDatabaseAccessException_ReturnsServiceUnavailable" storage="c:\github\banana\tests\integration\bin\debug\net8.0\banana.integrationtests.dll" id="5c6cf2f7-02c0-f0f3-941a-9b695c0f3554">
      <Execution id="041bd6a2-3f79-4624-a881-111a0853cf41" />
      <TestMethod codeBase="C:\Github\Banana\tests\integration\bin\Debug\net8.0\Banana.IntegrationTests.dll" adapterTypeName="executor://xunit/VsTestRunner2/netcoreapp" className="Banana.IntegrationTests.BananaPipelineIntegrationTests" name="GetBanana_WhenDatabaseStepThrowsDatabaseAccessException_ReturnsServiceUnavailable" />
    </UnitTest>
    <UnitTest name="Banana.IntegrationTests.BananaEndpointTests.GetBanana_ReturnsExpectedResponseBody_WhenNativeLibraryIsAvailable" storage="c:\github\banana\tests\integration\bin\debug\net8.0\banana.integrationtests.dll" id="08177bfb-8c0d-522b-2ae9-58da1c4bcea3">
      <Execution id="ad6cf404-cf60-4208-af5d-c48f76330c29" />
      <TestMethod codeBase="C:\Github\Banana\tests\integration\bin\Debug\net8.0\Banana.IntegrationTests.dll" adapterTypeName="executor://xunit/VsTestRunner2/netcoreapp" className="Banana.IntegrationTests.BananaEndpointTests" name="GetBanana_ReturnsExpectedResponseBody_WhenNativeLibraryIsAvailable" />
    </UnitTest>
  </TestDefinitions>
  <TestEntries>
    <TestEntry testId="f148a5a2-a9f0-5ce8-24c0-2c13544a79be" executionId="6e1e6a05-967e-46d2-aee5-d11884c91b54" testListId="8c84fa94-04c1-424b-9868-57a2d4851a1d" />
    <TestEntry testId="93463640-d7cc-06d1-15d2-44c3718b76de" executionId="86aab5ad-4c6b-4c5e-a26f-d5f386f03c16" testListId="8c84fa94-04c1-424b-9868-57a2d4851a1d" />
    <TestEntry testId="8dc41ad1-61e0-28b8-529a-3ccca35ea1e8" executionId="56facdbf-a2b9-4412-aedb-84e166df4a8e" testListId="8c84fa94-04c1-424b-9868-57a2d4851a1d" />
    <TestEntry testId="5719ad4c-ce95-6fe2-a177-cff2f47b7ce6" executionId="7187872d-3511-469b-b49e-030d3faefa4c" testListId="8c84fa94-04c1-424b-9868-57a2d4851a1d" />
    <TestEntry testId="09a9fd84-0267-0c9d-04e5-65a5aedc74a4" executionId="1b5500f7-1567-45ea-b8d6-233c4cbb0bdb" testListId="8c84fa94-04c1-424b-9868-57a2d4851a1d" />
    <TestEntry testId="6e721827-d614-951d-5adf-84d92da28217" executionId="33275858-0da6-46b4-94da-4d07d395cdc2" testListId="8c84fa94-04c1-424b-9868-57a2d4851a1d" />
    <TestEntry testId="5ac2bf70-af62-6608-144a-c15b16bdd7d7" executionId="8ea43bba-01d0-4cce-8baa-95011a1c2ef2" testListId="8c84fa94-04c1-424b-9868-57a2d4851a1d" />
    <TestEntry testId="5c6cf2f7-02c0-f0f3-941a-9b695c0f3554" executionId="041bd6a2-3f79-4624-a881-111a0853cf41" testListId="8c84fa94-04c1-424b-9868-57a2d4851a1d" />
    <TestEntry testId="f6cdf66c-ebbc-9344-ca78-638e2d2d5aa7" executionId="c9b00979-b94f-4626-a798-8b73d8ec83d0" testListId="8c84fa94-04c1-424b-9868-57a2d4851a1d" />
    <TestEntry testId="0c2cb0b9-9e69-bca8-3050-3e9bbafa72b2" executionId="1c58457a-bff4-4a87-bba6-715dc042df30" testListId="8c84fa94-04c1-424b-9868-57a2d4851a1d" />
    <TestEntry testId="c4e042b3-9068-cc69-f728-1df4bd20b203" executionId="a597da08-248f-4c54-8560-c4536ee8b130" testListId="8c84fa94-04c1-424b-9868-57a2d4851a1d" />
    <TestEntry testId="f1c5989f-cd8a-621c-e353-3b7f42c82778" executionId="d53deb87-85c8-49b0-978b-d963b0695fb1" testListId="8c84fa94-04c1-424b-9868-57a2d4851a1d" />
    <TestEntry testId="32b7cca8-1d61-913e-20af-81ba5be1154d" executionId="89ab998b-9f28-4d1a-b324-bf6f8ecbe7e8" testListId="8c84fa94-04c1-424b-9868-57a2d4851a1d" />
    <TestEntry testId="7ccc59d9-de66-5367-0b3c-28fbdcbe33ae" executionId="0d66234f-d41b-44c0-920a-97c004547779" testListId="8c84fa94-04c1-424b-9868-57a2d4851a1d" />
    <TestEntry testId="b8c964d4-f74f-62b5-5bab-0c867c9b137d" executionId="4a080316-adb2-4f9a-9bf2-43dafc49fe64" testListId="8c84fa94-04c1-424b-9868-57a2d4851a1d" />
    <TestEntry testId="d0cd4ca2-06ee-c2db-3393-8f444891536a" executionId="5486f55c-ca4d-4cb0-be51-cb80249a7dee" testListId="8c84fa94-04c1-424b-9868-57a2d4851a1d" />
    <TestEntry testId="1f157e2f-2960-c4d6-3f73-5bd195436c95" executionId="e5276a33-22b8-4f43-ace7-aecc44f541b6" testListId="8c84fa94-04c1-424b-9868-57a2d4851a1d" />
    <TestEntry testId="2931358c-7c91-505a-22d3-795f28d4103c" executionId="bcd094a4-f119-4247-8afa-a95735d7fb2c" testListId="8c84fa94-04c1-424b-9868-57a2d4851a1d" />
    <TestEntry testId="38044da5-8d2a-86fa-93d1-f16a79ce3e0c" executionId="be7c75c8-ee70-4458-b054-898b35e99ba8" testListId="8c84fa94-04c1-424b-9868-57a2d4851a1d" />
    <TestEntry testId="0e1ef922-acb3-7262-ed01-905385a31765" executionId="e38c3181-9391-4bd6-b0a4-4dc0db4b2bd3" testListId="8c84fa94-04c1-424b-9868-57a2d4851a1d" />
    <TestEntry testId="3d175f18-fbaa-d6a2-376a-89ad7b435952" executionId="a938e734-ce19-41b3-bc33-4b3c67e586ea" testListId="8c84fa94-04c1-424b-9868-57a2d4851a1d" />
    <TestEntry testId="8ac79015-3799-d93a-34f9-fd75973492a5" executionId="ee65bf91-374a-4457-a3f5-c9db1d89c9d7" testListId="8c84fa94-04c1-424b-9868-57a2d4851a1d" />
    <TestEntry testId="08177bfb-8c0d-522b-2ae9-58da1c4bcea3" executionId="ad6cf404-cf60-4208-af5d-c48f76330c29" testListId="8c84fa94-04c1-424b-9868-57a2d4851a1d" />
    <TestEntry testId="1cbb1afa-cc46-abf4-3ebe-b71989f4c504" executionId="82ae5ba2-4e0c-4e65-87d0-79e0acb4749f" testListId="8c84fa94-04c1-424b-9868-57a2d4851a1d" />
    <TestEntry testId="4a70cb09-b775-f7b0-9317-f75014c3c8c6" executionId="a2b6f0a4-e803-420c-a821-136c0aa9dc4b" testListId="8c84fa94-04c1-424b-9868-57a2d4851a1d" />
    <TestEntry testId="145b1f3c-2e20-6c20-485f-291e2993a806" executionId="5093d5af-d070-4473-8b29-a4f2bbf2ea80" testListId="8c84fa94-04c1-424b-9868-57a2d4851a1d" />
    <TestEntry testId="20fd7f51-29cb-d16f-c936-0b5ff8a36885" executionId="90cd0064-0353-4c01-b5c2-c93f80341c69" testListId="8c84fa94-04c1-424b-9868-57a2d4851a1d" />
    <TestEntry testId="45b22764-92b2-f999-3e69-7ad45b10ea06" executionId="bec8d4cc-4889-4268-8ace-bd94e3e3c5b5" testListId="8c84fa94-04c1-424b-9868-57a2d4851a1d" />
    <TestEntry testId="a14bf28d-5043-7006-0f39-62264c06b78b" executionId="a20fd1c5-b0c7-4213-ade1-35516630aa71" testListId="8c84fa94-04c1-424b-9868-57a2d4851a1d" />
    <TestEntry testId="19c52fcd-7bac-bc98-0d26-5d3b057adade" executionId="5ed090ac-9622-429f-818c-f06bd1005051" testListId="8c84fa94-04c1-424b-9868-57a2d4851a1d" />
    <TestEntry testId="e3143db9-1d99-8d7f-be12-dc437d01099a" executionId="135c7aad-af3f-4a55-b4e3-7c8a8287bae4" testListId="8c84fa94-04c1-424b-9868-57a2d4851a1d" />
    <TestEntry testId="ebfa65d0-1b00-0951-1f27-f168d01dfaf7" executionId="479fc761-3872-45b4-a968-aea1155307e1" testListId="8c84fa94-04c1-424b-9868-57a2d4851a1d" />
    <TestEntry testId="6ad0b88f-24eb-acc8-c7d4-e4d3428450c2" executionId="5f0e3a58-067a-4ec1-afb9-49d81bf8d783" testListId="8c84fa94-04c1-424b-9868-57a2d4851a1d" />
    <TestEntry testId="c5255836-4432-0eab-52b0-8a095211195b" executionId="264a1b20-dab8-408a-9a7d-eed9e9d6dfe2" testListId="8c84fa94-04c1-424b-9868-57a2d4851a1d" />
  </TestEntries>
  <TestLists>
    <TestList name="Results Not in a List" id="8c84fa94-04c1-424b-9868-57a2d4851a1d" />
    <TestList name="All Loaded Results" id="19431567-8539-422a-85d7-44ee4e166bda" />
  </TestLists>
  <ResultSummary outcome="Completed">
    <Counters total="34" executed="34" passed="34" failed="0" error="0" timeout="0" aborted="0" inconclusive="0" passedButRunAborted="0" notRunnable="0" notExecuted="0" disconnected="0" warning="0" completed="0" inProgress="0" pending="0" />
    <Output>
      <StdOut>[xUnit.net 00:00:00.00] xUnit.net VSTest Adapter v2.8.2+699d445a1a (64-bit .NET 8.0.15)&#xD;
[xUnit.net 00:00:00.09]   Discovering: Banana.IntegrationTests&#xD;
[xUnit.net 00:00:00.12]   Discovered:  Banana.IntegrationTests&#xD;
[xUnit.net 00:00:00.12]   Starting:    Banana.IntegrationTests&#xD;
info: Banana.Api[0]&#xD;
      Loaded native library from C:\Github\Banana\build\native\bin\Release\banana_native.dll&#xD;
info: Banana.Api[0]&#xD;
      Loaded native library from C:\Github\Banana\build\native\bin\Release\banana_native.dll&#xD;
info: Banana.Api[0]&#xD;
      Loaded native library from C:\Github\Banana\build\native\bin\Release\banana_native.dll&#xD;
info: Banana.Api[0]&#xD;
      Loaded native library from C:\Github\Banana\build\native\bin\Release\banana_native.dll&#xD;
info: Banana.Api.Pipeline.Steps.AuditStep[0]&#xD;
      Banana pipeline executed for purchases=10, multiplier=2, nativeBanana=150, bonusBanana=10&#xD;
info: Banana.Api.Pipeline.Steps.AuditStep[0]&#xD;
      Banana pipeline executed for purchases=10, multiplier=2, nativeBanana=150, bonusBanana=10&#xD;
info: Banana.Api.Pipeline.Steps.AuditStep[0]&#xD;
      Banana pipeline executed for purchases=10, multiplier=2, nativeBanana=20, bonusBanana=10&#xD;
fail: Banana.Api.Middleware.ErrorHandlingMiddleware[0]&#xD;
      Native interop failure&#xD;
      Banana.Api.NativeInterop.NativeInteropException: Injected native failure&#xD;
         at Banana.IntegrationTests.BananaPipelineIntegrationTests.FakeNativeBananaClient.Calculate(Int32 purchases, Int32 multiplier) in C:\Github\Banana\tests\integration\BananaPipelineIntegrationTests.cs:line 919&#xD;
         at Banana.Api.Pipeline.Steps.NativeCalculationStep.Execute(PipelineContext input, Func`2 next) in C:\Github\Banana\src\c-sharp\asp.net\Pipeline\Steps\NativeCalculationStep.cs:line 27&#xD;
         at Banana.Api.Pipeline.PipelineExecutor`1.&lt;&gt;c__DisplayClass2_1.&lt;Execute&gt;b__1(T current) in C:\Github\Banana\src\c-sharp\asp.net\Pipeline\PipelineExecutor.cs:line 35&#xD;
         at Banana.Api.Pipeline.Steps.DatabaseAccessStep.Execute(PipelineContext input, Func`2 next) in C:\Github\Banana\src\c-sharp\asp.net\Pipeline\Steps\DatabaseAccessStep.cs:line 35&#xD;
         at Banana.Api.Pipeline.PipelineExecutor`1.&lt;&gt;c__DisplayClass2_1.&lt;Execute&gt;b__1(T current) in C:\Github\Banana\src\c-sharp\asp.net\Pipeline\PipelineExecutor.cs:line 35&#xD;
         at Banana.Api.Pipeline.Steps.ValidationStep.Execute(PipelineContext input, Func`2 next) in C:\Github\Banana\src\c-sharp\asp.net\Pipeline\Steps\ValidationStep.cs:line 21&#xD;
         at Banana.Api.Pipeline.PipelineExecutor`1.&lt;&gt;c__DisplayClass2_1.&lt;Execute&gt;b__1(T current) in C:\Github\Banana\src\c-sharp\asp.net\Pipeline\PipelineExecutor.cs:line 35&#xD;
         at Banana.Api.Pipeline.PipelineExecutor`1.Execute(T input) in C:\Github\Banana\src\c-sharp\asp.net\Pipeline\PipelineExecutor.cs:line 38&#xD;
         at Banana.Api.Services.BananaService.Calculate(Int32 purchases, Int32 multiplier) in C:\Github\Banana\src\c-sharp\asp.net\Services\BananaService.cs:line 31&#xD;
         at Banana.Api.Controllers.BananaController.Get(Int32 purchases, Int32 multiplier) in C:\Github\Banana\src\c-sharp\asp.net\Controllers\BananaController.cs:line 42&#xD;
         at lambda_method142(Closure, Object, Object[])&#xD;
         at Microsoft.AspNetCore.Mvc.Infrastructure.ActionMethodExecutor.SyncObjectResultExecutor.Execute(ActionContext actionContext, IActionResultTypeMapper mapper, ObjectMethodExecutor executor, Object controller, Object[] arguments)&#xD;
         at Microsoft.AspNetCore.Mvc.Infrastructure.ControllerActionInvoker.InvokeActionMethodAsync()&#xD;
         at Microsoft.AspNetCore.Mvc.Infrastructure.ControllerActionInvoker.Next(State&amp; next, Scope&amp; scope, Object&amp; state, Boolean&amp; isCompleted)&#xD;
         at Microsoft.AspNetCore.Mvc.Infrastructure.ControllerActionInvoker.InvokeNextActionFilterAsync()&#xD;
      --- End of stack trace from previous location ---&#xD;
         at Microsoft.AspNetCore.Mvc.Infrastructure.ControllerActionInvoker.Rethrow(ActionExecutedContextSealed context)&#xD;
         at Microsoft.AspNetCore.Mvc.Infrastructure.ControllerActionInvoker.Next(State&amp; next, Scope&amp; scope, Object&amp; state, Boolean&amp; isCompleted)&#xD;
         at Microsoft.AspNetCore.Mvc.Infrastructure.ControllerActionInvoker.InvokeInnerFilterAsync()&#xD;
      --- End of stack trace from previous location ---&#xD;
         at Microsoft.AspNetCore.Mvc.Infrastructure.ResourceInvoker.&lt;InvokeFilterPipelineAsync&gt;g__Awaited|20_0(ResourceInvoker invoker, Task lastTask, State next, Scope scope, Object state, Boolean isCompleted)&#xD;
         at Microsoft.AspNetCore.Mvc.Infrastructure.ResourceInvoker.&lt;InvokeAsync&gt;g__Awaited|17_0(ResourceInvoker invoker, Task task, IDisposable scope)&#xD;
         at Microsoft.AspNetCore.Mvc.Infrastructure.ResourceInvoker.&lt;InvokeAsync&gt;g__Awaited|17_0(ResourceInvoker invoker, Task task, IDisposable scope)&#xD;
         at Swashbuckle.AspNetCore.SwaggerUI.SwaggerUIMiddleware.Invoke(HttpContext httpContext)&#xD;
         at Swashbuckle.AspNetCore.Swagger.SwaggerMiddleware.Invoke(HttpContext httpContext, ISwaggerProvider swaggerProvider)&#xD;
         at Banana.Api.Middleware.ErrorHandlingMiddleware.Invoke(HttpContext context) in C:\Github\Banana\src\c-sharp\asp.net\Middleware\ErrorHandlingMiddleware.cs:line 37&#xD;
info: Banana.Api.Pipeline.Steps.AuditStep[0]&#xD;
      Banana pipeline executed for purchases=10, multiplier=2, nativeBanana=20, bonusBanana=0&#xD;
fail: Banana.Api.Middleware.ErrorHandlingMiddleware[0]&#xD;
      Database access failure&#xD;
      Banana.Api.DataAccess.DatabaseAccessException: Injected database-stage failure&#xD;
         at Banana.IntegrationTests.BananaPipelineIntegrationTests.ThrowingDataAccessPipelineClient.Execute(DbAccessRequest request) in C:\Github\Banana\tests\integration\BananaPipelineIntegrationTests.cs:line 1132&#xD;
         at Banana.Api.Pipeline.Steps.DatabaseAccessStep.Execute(PipelineContext input, Func`2 next) in C:\Github\Banana\src\c-sharp\asp.net\Pipeline\Steps\DatabaseAccessStep.cs:line 28&#xD;
         at Banana.Api.Pipeline.PipelineExecutor`1.&lt;&gt;c__DisplayClass2_1.&lt;Execute&gt;b__1(T current) in C:\Github\Banana\src\c-sharp\asp.net\Pipeline\PipelineExecutor.cs:line 35&#xD;
         at Banana.Api.Pipeline.Steps.ValidationStep.Execute(PipelineContext input, Func`2 next) in C:\Github\Banana\src\c-sharp\asp.net\Pipeline\Steps\ValidationStep.cs:line 21&#xD;
         at Banana.Api.Pipeline.PipelineExecutor`1.&lt;&gt;c__DisplayClass2_1.&lt;Execute&gt;b__1(T current) in C:\Github\Banana\src\c-sharp\asp.net\Pipeline\PipelineExecutor.cs:line 35&#xD;
         at Banana.Api.Pipeline.PipelineExecutor`1.Execute(T input) in C:\Github\Banana\src\c-sharp\asp.net\Pipeline\PipelineExecutor.cs:line 38&#xD;
         at Banana.Api.Services.BananaService.Calculate(Int32 purchases, Int32 multiplier) in C:\Github\Banana\src\c-sharp\asp.net\Services\BananaService.cs:line 31&#xD;
         at Banana.Api.Controllers.BananaController.Get(Int32 purchases, Int32 multiplier) in C:\Github\Banana\src\c-sharp\asp.net\Controllers\BananaController.cs:line 42&#xD;
         at lambda_method157(Closure, Object, Object[])&#xD;
         at Microsoft.AspNetCore.Mvc.Infrastructure.ActionMethodExecutor.SyncObjectResultExecutor.Execute(ActionContext actionContext, IActionResultTypeMapper mapper, ObjectMethodExecutor executor, Object controller, Object[] arguments)&#xD;
         at Microsoft.AspNetCore.Mvc.Infrastructure.ControllerActionInvoker.InvokeActionMethodAsync()&#xD;
         at Microsoft.AspNetCore.Mvc.Infrastructure.ControllerActionInvoker.Next(State&amp; next, Scope&amp; scope, Object&amp; state, Boolean&amp; isCompleted)&#xD;
         at Microsoft.AspNetCore.Mvc.Infrastructure.ControllerActionInvoker.InvokeNextActionFilterAsync()&#xD;
      --- End of stack trace from previous location ---&#xD;
         at Microsoft.AspNetCore.Mvc.Infrastructure.ControllerActionInvoker.Rethrow(ActionExecutedContextSealed context)&#xD;
         at Microsoft.AspNetCore.Mvc.Infrastructure.ControllerActionInvoker.Next(State&amp; next, Scope&amp; scope, Object&amp; state, Boolean&amp; isCompleted)&#xD;
         at Microsoft.AspNetCore.Mvc.Infrastructure.ControllerActionInvoker.InvokeInnerFilterAsync()&#xD;
      --- End of stack trace from previous location ---&#xD;
         at Microsoft.AspNetCore.Mvc.Infrastructure.ResourceInvoker.&lt;InvokeFilterPipelineAsync&gt;g__Awaited|20_0(ResourceInvoker invoker, Task lastTask, State next, Scope scope, Object state, Boolean isCompleted)&#xD;
         at Microsoft.AspNetCore.Mvc.Infrastructure.ResourceInvoker.&lt;InvokeAsync&gt;g__Awaited|17_0(ResourceInvoker invoker, Task task, IDisposable scope)&#xD;
         at Microsoft.AspNetCore.Mvc.Infrastructure.ResourceInvoker.&lt;InvokeAsync&gt;g__Awaited|17_0(ResourceInvoker invoker, Task task, IDisposable scope)&#xD;
         at Swashbuckle.AspNetCore.SwaggerUI.SwaggerUIMiddleware.Invoke(HttpContext httpContext)&#xD;
         at Swashbuckle.AspNetCore.Swagger.SwaggerMiddleware.Invoke(HttpContext httpContext, ISwaggerProvider swaggerProvider)&#xD;
         at Banana.Api.Middleware.ErrorHandlingMiddleware.Invoke(HttpContext context) in C:\Github\Banana\src\c-sharp\asp.net\Middleware\ErrorHandlingMiddleware.cs:line 37&#xD;
fail: Banana.Api.Middleware.ErrorHandlingMiddleware[0]&#xD;
      Unhandled error&#xD;
      System.InvalidOperationException: Injected unhandled failure&#xD;
         at Banana.IntegrationTests.BananaPipelineIntegrationTests.FakeNativeBananaClient.Calculate(Int32 purchases, Int32 multiplier) in C:\Github\Banana\tests\integration\BananaPipelineIntegrationTests.cs:line 920&#xD;
         at Banana.Api.Pipeline.Steps.NativeCalculationStep.Execute(PipelineContext input, Func`2 next) in C:\Github\Banana\src\c-sharp\asp.net\Pipeline\Steps\NativeCalculationStep.cs:line 27&#xD;
         at Banana.Api.Pipeline.PipelineExecutor`1.&lt;&gt;c__DisplayClass2_1.&lt;Execute&gt;b__1(T current) in C:\Github\Banana\src\c-sharp\asp.net\Pipeline\PipelineExecutor.cs:line 35&#xD;
         at Banana.Api.Pipeline.Steps.DatabaseAccessStep.Execute(PipelineContext input, Func`2 next) in C:\Github\Banana\src\c-sharp\asp.net\Pipeline\Steps\DatabaseAccessStep.cs:line 35&#xD;
         at Banana.Api.Pipeline.PipelineExecutor`1.&lt;&gt;c__DisplayClass2_1.&lt;Execute&gt;b__1(T current) in C:\Github\Banana\src\c-sharp\asp.net\Pipeline\PipelineExecutor.cs:line 35&#xD;
         at Banana.Api.Pipeline.Steps.ValidationStep.Execute(PipelineContext input, Func`2 next) in C:\Github\Banana\src\c-sharp\asp.net\Pipeline\Steps\ValidationStep.cs:line 21&#xD;
         at Banana.Api.Pipeline.PipelineExecutor`1.&lt;&gt;c__DisplayClass2_1.&lt;Execute&gt;b__1(T current) in C:\Github\Banana\src\c-sharp\asp.net\Pipeline\PipelineExecutor.cs:line 35&#xD;
         at Banana.Api.Pipeline.PipelineExecutor`1.Execute(T input) in C:\Github\Banana\src\c-sharp\asp.net\Pipeline\PipelineExecutor.cs:line 38&#xD;
         at Banana.Api.Services.BananaService.Calculate(Int32 purchases, Int32 multiplier) in C:\Github\Banana\src\c-sharp\asp.net\Services\BananaService.cs:line 31&#xD;
         at Banana.Api.Controllers.BananaController.Get(Int32 purchases, Int32 multiplier) in C:\Github\Banana\src\c-sharp\asp.net\Controllers\BananaController.cs:line 42&#xD;
         at lambda_method180(Closure, Object, Object[])&#xD;
         at Microsoft.AspNetCore.Mvc.Infrastructure.ActionMethodExecutor.SyncObjectResultExecutor.Execute(ActionContext actionContext, IActionResultTypeMapper mapper, ObjectMethodExecutor executor, Object controller, Object[] arguments)&#xD;
         at Microsoft.AspNetCore.Mvc.Infrastructure.ControllerActionInvoker.InvokeActionMethodAsync()&#xD;
         at Microsoft.AspNetCore.Mvc.Infrastructure.ControllerActionInvoker.Next(State&amp; next, Scope&amp; scope, Object&amp; state, Boolean&amp; isCompleted)&#xD;
         at Microsoft.AspNetCore.Mvc.Infrastructure.ControllerActionInvoker.InvokeNextActionFilterAsync()&#xD;
      --- End of stack trace from previous location ---&#xD;
         at Microsoft.AspNetCore.Mvc.Infrastructure.ControllerActionInvoker.Rethrow(ActionExecutedContextSealed context)&#xD;
         at Microsoft.AspNetCore.Mvc.Infrastructure.ControllerActionInvoker.Next(State&amp; next, Scope&amp; scope, Object&amp; state, Boolean&amp; isCompleted)&#xD;
         at Microsoft.AspNetCore.Mvc.Infrastructure.ControllerActionInvoker.InvokeInnerFilterAsync()&#xD;
      --- End of stack trace from previous location ---&#xD;
         at Microsoft.AspNetCore.Mvc.Infrastructure.ResourceInvoker.&lt;InvokeFilterPipelineAsync&gt;g__Awaited|20_0(ResourceInvoker invoker, Task lastTask, State next, Scope scope, Object state, Boolean isCompleted)&#xD;
         at Microsoft.AspNetCore.Mvc.Infrastructure.ResourceInvoker.&lt;InvokeAsync&gt;g__Awaited|17_0(ResourceInvoker invoker, Task task, IDisposable scope)&#xD;
         at Microsoft.AspNetCore.Mvc.Infrastructure.ResourceInvoker.&lt;InvokeAsync&gt;g__Awaited|17_0(ResourceInvoker invoker, Task task, IDisposable scope)&#xD;
         at Swashbuckle.AspNetCore.SwaggerUI.SwaggerUIMiddleware.Invoke(HttpContext httpContext)&#xD;
         at Swashbuckle.AspNetCore.Swagger.SwaggerMiddleware.Invoke(HttpContext httpContext, ISwaggerProvider swaggerProvider)&#xD;
         at Banana.Api.Middleware.ErrorHandlingMiddleware.Invoke(HttpContext context) in C:\Github\Banana\src\c-sharp\asp.net\Middleware\ErrorHandlingMiddleware.cs:line 37&#xD;
fail: Banana.Api.Middleware.ErrorHandlingMiddleware[0]&#xD;
      Native interop failure&#xD;
      Banana.Api.NativeInterop.NativeInteropException: Injected native failure&#xD;
         at Banana.IntegrationTests.BananaPipelineIntegrationTests.FakeNativeBananaClient.Calculate(Int32 purchases, Int32 multiplier) in C:\Github\Banana\tests\integration\BananaPipelineIntegrationTests.cs:line 919&#xD;
         at Banana.Api.Pipeline.Steps.NativeCalculationStep.Execute(PipelineContext input, Func`2 next) in C:\Github\Banana\src\c-sharp\asp.net\Pipeline\Steps\NativeCalculationStep.cs:line 27&#xD;
         at Banana.Api.Pipeline.PipelineExecutor`1.&lt;&gt;c__DisplayClass2_1.&lt;Execute&gt;b__1(T current) in C:\Github\Banana\src\c-sharp\asp.net\Pipeline\PipelineExecutor.cs:line 35&#xD;
         at Banana.Api.Pipeline.Steps.DatabaseAccessStep.Execute(PipelineContext input, Func`2 next) in C:\Github\Banana\src\c-sharp\asp.net\Pipeline\Steps\DatabaseAccessStep.cs:line 35&#xD;
         at Banana.Api.Pipeline.PipelineExecutor`1.&lt;&gt;c__DisplayClass2_1.&lt;Execute&gt;b__1(T current) in C:\Github\Banana\src\c-sharp\asp.net\Pipeline\PipelineExecutor.cs:line 35&#xD;
         at Banana.Api.Pipeline.Steps.ValidationStep.Execute(PipelineContext input, Func`2 next) in C:\Github\Banana\src\c-sharp\asp.net\Pipeline\Steps\ValidationStep.cs:line 21&#xD;
         at Banana.Api.Pipeline.PipelineExecutor`1.&lt;&gt;c__DisplayClass2_1.&lt;Execute&gt;b__1(T current) in C:\Github\Banana\src\c-sharp\asp.net\Pipeline\PipelineExecutor.cs:line 35&#xD;
         at Banana.Api.Pipeline.PipelineExecutor`1.Execute(T input) in C:\Github\Banana\src\c-sharp\asp.net\Pipeline\PipelineExecutor.cs:line 38&#xD;
         at Banana.Api.Services.BananaService.Calculate(Int32 purchases, Int32 multiplier) in C:\Github\Banana\src\c-sharp\asp.net\Services\BananaService.cs:line 31&#xD;
         at Banana.Api.Controllers.BananaController.Get(Int32 purchases, Int32 multiplier) in C:\Github\Banana\src\c-sharp\asp.net\Controllers\BananaController.cs:line 42&#xD;
         at lambda_method221(Closure, Object, Object[])&#xD;
         at Microsoft.AspNetCore.Mvc.Infrastructure.ActionMethodExecutor.SyncObjectResultExecutor.Execute(ActionContext actionContext, IActionResultTypeMapper mapper, ObjectMethodExecutor executor, Object controller, Object[] arguments)&#xD;
         at Microsoft.AspNetCore.Mvc.Infrastructure.ControllerActionInvoker.InvokeActionMethodAsync()&#xD;
         at Microsoft.AspNetCore.Mvc.Infrastructure.ControllerActionInvoker.Next(State&amp; next, Scope&amp; scope, Object&amp; state, Boolean&amp; isCompleted)&#xD;
         at Microsoft.AspNetCore.Mvc.Infrastructure.ControllerActionInvoker.InvokeNextActionFilterAsync()&#xD;
      --- End of stack trace from previous location ---&#xD;
         at Microsoft.AspNetCore.Mvc.Infrastructure.ControllerActionInvoker.Rethrow(ActionExecutedContextSealed context)&#xD;
         at Microsoft.AspNetCore.Mvc.Infrastructure.ControllerActionInvoker.Next(State&amp; next, Scope&amp; scope, Object&amp; state, Boolean&amp; isCompleted)&#xD;
         at Microsoft.AspNetCore.Mvc.Infrastructure.ControllerActionInvoker.InvokeInnerFilterAsync()&#xD;
      --- End of stack trace from previous location ---&#xD;
         at Microsoft.AspNetCore.Mvc.Infrastructure.ResourceInvoker.&lt;InvokeFilterPipelineAsync&gt;g__Awaited|20_0(ResourceInvoker invoker, Task lastTask, State next, Scope scope, Object state, Boolean isCompleted)&#xD;
         at Microsoft.AspNetCore.Mvc.Infrastructure.ResourceInvoker.&lt;InvokeAsync&gt;g__Awaited|17_0(ResourceInvoker invoker, Task task, IDisposable scope)&#xD;
         at Microsoft.AspNetCore.Mvc.Infrastructure.ResourceInvoker.&lt;InvokeAsync&gt;g__Awaited|17_0(ResourceInvoker invoker, Task task, IDisposable scope)&#xD;
         at Swashbuckle.AspNetCore.SwaggerUI.SwaggerUIMiddleware.Invoke(HttpContext httpContext)&#xD;
         at Swashbuckle.AspNetCore.Swagger.SwaggerMiddleware.Invoke(HttpContext httpContext, ISwaggerProvider swaggerProvider)&#xD;
         at Banana.Api.Middleware.ErrorHandlingMiddleware.Invoke(HttpContext context) in C:\Github\Banana\src\c-sharp\asp.net\Middleware\ErrorHandlingMiddleware.cs:line 37&#xD;
info: Banana.Api.Pipeline.Steps.AuditStep[0]&#xD;
      Banana pipeline executed for purchases=2, multiplier=6, nativeBanana=12, bonusBanana=0&#xD;
info: Banana.Api.Pipeline.Steps.AuditStep[0]&#xD;
      Banana pipeline executed for purchases=4, multiplier=3, nativeBanana=12, bonusBanana=0&#xD;
info: Banana.Api.Pipeline.Steps.AuditStep[0]&#xD;
      Banana pipeline executed for purchases=5, multiplier=3, nativeBanana=15, bonusBanana=0&#xD;
info: Banana.Api.Pipeline.Steps.AuditStep[0]&#xD;
      Banana pipeline executed for purchases=6, multiplier=3, nativeBanana=18, bonusBanana=0&#xD;
info: Banana.Api.Pipeline.Steps.AuditStep[0]&#xD;
      Banana pipeline executed for purchases=8, multiplier=4, nativeBanana=32, bonusBanana=0&#xD;
info: Banana.Api.Pipeline.Steps.AuditStep[0]&#xD;
      Banana pipeline executed for purchases=9, multiplier=3, nativeBanana=27, bonusBanana=0&#xD;
[xUnit.net 00:00:01.06]   Finished:    Banana.IntegrationTests&#xD;
</StdOut>
    </Output>
  </ResultSummary>
</TestRun>